{
  "scene": "tracknet::game1/Clip1",
  "start": 20,
  "count": 8,
  "threshold_px": 4.0,
  "max_model_input_difference_saved_vs_dataset": 0.0,
  "results": {
    "old_raw": {
      "points": [
        [
          [
            582.4264366328716,
            258.5920469760895
          ]
        ],
        [
          [
            580.988733202219,
            261.58952739834785
          ]
        ],
        [
          [
            579.8890909552574,
            268.165247797966
          ]
        ],
        [
          [
            579.497322678566,
            278.02547493577003
          ]
        ],
        [
          [
            579.2734605371952,
            284.99394676089287
          ]
        ],
        [
          [
            583.9435381293297,
            290.6967814564705
          ]
        ],
        [
          [
            615.9706900417805,
            287.3537552058697
          ]
        ],
        [
          [
            649.0458354353905,
            268.67690247297287
          ]
        ]
      ],
      "distances_px": [
        1.6812558675778873,
        2.4565477996301173,
        3.2209573613231552,
        2.522020588295177,
        1.9982696606164594,
        5.144195342693964,
        5.353835436210892,
        6.997977383373411
      ],
      "matched_at_checkpoint_threshold": 5,
      "median_distance_px": 2.871488974809166
    },
    "saved_normalization": {
      "points": [
        [
          [
            582.8175950348377,
            263.3440842330456
          ]
        ],
        [
          [
            579.784001916647,
            263.95278573036194
          ]
        ],
        [
          [
            579.9080733060837,
            269.0674254000187
          ]
        ],
        [
          [
            580.0786095261574,
            278.5187230706215
          ]
        ],
        [
          [
            579.4380885958672,
            285.4583101272583
          ]
        ],
        [
          [
            585.4610970318317,
            294.8390458226204
          ]
        ],
        [
          [
            620.0009709298611,
            281.27993980050087
          ]
        ],
        [
          [
            649.5856508016586,
            268.40307572484016
          ]
        ]
      ],
      "distances_px": [
        5.473327853466001,
        3.3541682009272846,
        3.092661776709505,
        2.6819631451175607,
        1.6531772901268478,
        5.525176801111272,
        4.065249693745278,
        6.395005991441778
      ],
      "matched_at_checkpoint_threshold": 4,
      "median_distance_px": 3.7097089473362814
    },
    "dataset_reference": {
      "points": [
        [
          [
            582.8175950348377,
            263.3440842330456
          ]
        ],
        [
          [
            579.784001916647,
            263.95278573036194
          ]
        ],
        [
          [
            579.9080733060837,
            269.0674254000187
          ]
        ],
        [
          [
            580.0786095261574,
            278.5187230706215
          ]
        ],
        [
          [
            579.4380885958672,
            285.4583101272583
          ]
        ],
        [
          [
            585.4610970318317,
            294.8390458226204
          ]
        ],
        [
          [
            620.0009709298611,
            281.27993980050087
          ]
        ],
        [
          [
            649.5856508016586,
            268.40307572484016
          ]
        ]
      ],
      "distances_px": [
        5.473327853466001,
        3.3541682009272846,
        3.092661776709505,
        2.6819631451175607,
        1.6531772901268478,
        5.525176801111272,
        4.065249693745278,
        6.395005991441778
      ],
      "matched_at_checkpoint_threshold": 4,
      "median_distance_px": 3.7097089473362814
    }
  }
}
