{"fit": {"covariance_multiplier": 1.8125148752087792, "nll_uv_before": -5.620915283392677, "nll_uv_after": -5.780416906870016, "groups": ["meiji/video_000/clip_001", "meiji/video_000/clip_002", "meiji/video_000/clip_003", "meiji/video_000/clip_006", "meiji/video_000/clip_007", "meiji/video_000/clip_010"], "frames": 14652}, "fold_multipliers": {"meiji/video_000/clip_001": 1.7294914598233013, "meiji/video_000/clip_002": 1.9796174067873034, "meiji/video_000/clip_003": 2.00532476266562, "meiji/video_000/clip_006": 1.9754936497381719, "meiji/video_000/clip_007": 1.3002503937437195, "meiji/video_000/clip_010": 1.8866968588674755}}
{"calibrated": "tracknet/game9/Clip1", "condition": "observed", "count": 1}
{"calibrated": "tracknet/game9/Clip1", "condition": "evidence_gap", "count": 2}
{"calibrated": "tracknet/game9/Clip2", "condition": "observed", "count": 3}
{"calibrated": "tracknet/game9/Clip2", "condition": "evidence_gap", "count": 4}
{"calibrated": "tracknet/game9/Clip3", "condition": "observed", "count": 5}
{"calibrated": "tracknet/game9/Clip3", "condition": "evidence_gap", "count": 6}
{"calibrated": "tracknet/game9/Clip4", "condition": "observed", "count": 7}
{"calibrated": "tracknet/game9/Clip4", "condition": "evidence_gap", "count": 8}
{"calibrated": "tracknet/game9/Clip5", "condition": "observed", "count": 9}
{"calibrated": "tracknet/game9/Clip5", "condition": "evidence_gap", "count": 10}
{"calibrated": "tracknet/game9/Clip6", "condition": "observed", "count": 11}
{"calibrated": "tracknet/game9/Clip6", "condition": "evidence_gap", "count": 12}
{"calibrated": "tracknet/game9/Clip7", "condition": "observed", "count": 13}
{"calibrated": "tracknet/game9/Clip7", "condition": "evidence_gap", "count": 14}
{"calibrated": "tracknet/game9/Clip8", "condition": "observed", "count": 15}
{"calibrated": "tracknet/game9/Clip8", "condition": "evidence_gap", "count": 16}
{"calibrated": "tracknet/game9/Clip9", "condition": "observed", "count": 17}
{"calibrated": "tracknet/game9/Clip9", "condition": "evidence_gap", "count": 18}
{"calibrated": "meiji/video_000/clip_000/cam0", "condition": "observed", "count": 19}
{"calibrated": "meiji/video_000/clip_000/cam0", "condition": "evidence_gap", "count": 20}
{"calibrated": "meiji/video_000/clip_000/cam1", "condition": "observed", "count": 21}
{"calibrated": "meiji/video_000/clip_000/cam1", "condition": "evidence_gap", "count": 22}
{"calibrated": "meiji/video_000/clip_000/cam2", "condition": "observed", "count": 23}
{"calibrated": "meiji/video_000/clip_000/cam2", "condition": "evidence_gap", "count": 24}
{"calibrated": "meiji/video_000/clip_001/cam0", "condition": "observed", "count": 25}
{"calibrated": "meiji/video_000/clip_001/cam0", "condition": "evidence_gap", "count": 26}
{"calibrated": "meiji/video_000/clip_001/cam1", "condition": "observed", "count": 27}
{"calibrated": "meiji/video_000/clip_001/cam1", "condition": "evidence_gap", "count": 28}
{"calibrated": "meiji/video_000/clip_001/cam2", "condition": "observed", "count": 29}
{"calibrated": "meiji/video_000/clip_001/cam2", "condition": "evidence_gap", "count": 30}
{"calibrated": "meiji/video_000/clip_002/cam0", "condition": "observed", "count": 31}
{"calibrated": "meiji/video_000/clip_002/cam0", "condition": "evidence_gap", "count": 32}
{"calibrated": "meiji/video_000/clip_002/cam1", "condition": "observed", "count": 33}
{"calibrated": "meiji/video_000/clip_002/cam1", "condition": "evidence_gap", "count": 34}
{"calibrated": "meiji/video_000/clip_002/cam2", "condition": "observed", "count": 35}
{"calibrated": "meiji/video_000/clip_002/cam2", "condition": "evidence_gap", "count": 36}
{"calibrated": "meiji/video_000/clip_003/cam0", "condition": "observed", "count": 37}
{"calibrated": "meiji/video_000/clip_003/cam0", "condition": "evidence_gap", "count": 38}
{"calibrated": "meiji/video_000/clip_003/cam1", "condition": "observed", "count": 39}
{"calibrated": "meiji/video_000/clip_003/cam1", "condition": "evidence_gap", "count": 40}
{"calibrated": "meiji/video_000/clip_003/cam2", "condition": "observed", "count": 41}
{"calibrated": "meiji/video_000/clip_003/cam2", "condition": "evidence_gap", "count": 42}
{"calibrated": "meiji/video_000/clip_004/cam0", "condition": "observed", "count": 43}
{"calibrated": "meiji/video_000/clip_004/cam0", "condition": "evidence_gap", "count": 44}
{"calibrated": "meiji/video_000/clip_004/cam1", "condition": "observed", "count": 45}
{"calibrated": "meiji/video_000/clip_004/cam1", "condition": "evidence_gap", "count": 46}
{"calibrated": "meiji/video_000/clip_004/cam2", "condition": "observed", "count": 47}
{"calibrated": "meiji/video_000/clip_004/cam2", "condition": "evidence_gap", "count": 48}
{"calibrated": "meiji/video_000/clip_005/cam0", "condition": "observed", "count": 49}
{"calibrated": "meiji/video_000/clip_005/cam0", "condition": "evidence_gap", "count": 50}
{"calibrated": "meiji/video_000/clip_005/cam1", "condition": "observed", "count": 51}
{"calibrated": "meiji/video_000/clip_005/cam1", "condition": "evidence_gap", "count": 52}
{"calibrated": "meiji/video_000/clip_005/cam2", "condition": "observed", "count": 53}
{"calibrated": "meiji/video_000/clip_005/cam2", "condition": "evidence_gap", "count": 54}
{"calibrated": "meiji/video_000/clip_006/cam0", "condition": "observed", "count": 55}
{"calibrated": "meiji/video_000/clip_006/cam0", "condition": "evidence_gap", "count": 56}
{"calibrated": "meiji/video_000/clip_006/cam1", "condition": "observed", "count": 57}
{"calibrated": "meiji/video_000/clip_006/cam1", "condition": "evidence_gap", "count": 58}
{"calibrated": "meiji/video_000/clip_006/cam2", "condition": "observed", "count": 59}
{"calibrated": "meiji/video_000/clip_006/cam2", "condition": "evidence_gap", "count": 60}
{"calibrated": "meiji/video_000/clip_007/cam0", "condition": "observed", "count": 61}
{"calibrated": "meiji/video_000/clip_007/cam0", "condition": "evidence_gap", "count": 62}
{"calibrated": "meiji/video_000/clip_007/cam1", "condition": "observed", "count": 63}
{"calibrated": "meiji/video_000/clip_007/cam1", "condition": "evidence_gap", "count": 64}
{"calibrated": "meiji/video_000/clip_007/cam2", "condition": "observed", "count": 65}
{"calibrated": "meiji/video_000/clip_007/cam2", "condition": "evidence_gap", "count": 66}
{"calibrated": "meiji/video_000/clip_008/cam0", "condition": "observed", "count": 67}
{"calibrated": "meiji/video_000/clip_008/cam0", "condition": "evidence_gap", "count": 68}
{"calibrated": "meiji/video_000/clip_008/cam1", "condition": "observed", "count": 69}
{"calibrated": "meiji/video_000/clip_008/cam1", "condition": "evidence_gap", "count": 70}
{"calibrated": "meiji/video_000/clip_008/cam2", "condition": "observed", "count": 71}
{"calibrated": "meiji/video_000/clip_008/cam2", "condition": "evidence_gap", "count": 72}
{"calibrated": "meiji/video_000/clip_009/cam0", "condition": "observed", "count": 73}
{"calibrated": "meiji/video_000/clip_009/cam0", "condition": "evidence_gap", "count": 74}
{"calibrated": "meiji/video_000/clip_009/cam1", "condition": "observed", "count": 75}
{"calibrated": "meiji/video_000/clip_009/cam1", "condition": "evidence_gap", "count": 76}
{"calibrated": "meiji/video_000/clip_009/cam2", "condition": "observed", "count": 77}
{"calibrated": "meiji/video_000/clip_009/cam2", "condition": "evidence_gap", "count": 78}
{"calibrated": "meiji/video_000/clip_010/cam0", "condition": "observed", "count": 79}
{"calibrated": "meiji/video_000/clip_010/cam0", "condition": "evidence_gap", "count": 80}
{"calibrated": "meiji/video_000/clip_010/cam1", "condition": "observed", "count": 81}
{"calibrated": "meiji/video_000/clip_010/cam1", "condition": "evidence_gap", "count": 82}
{"calibrated": "meiji/video_000/clip_010/cam2", "condition": "observed", "count": 83}
{"calibrated": "meiji/video_000/clip_010/cam2", "condition": "evidence_gap", "count": 84}
{"calibrated": "meiji/video_000/clip_011/cam0", "condition": "observed", "count": 85}
{"calibrated": "meiji/video_000/clip_011/cam0", "condition": "evidence_gap", "count": 86}
{"calibrated": "meiji/video_000/clip_011/cam1", "condition": "observed", "count": 87}
{"calibrated": "meiji/video_000/clip_011/cam1", "condition": "evidence_gap", "count": 88}
{"calibrated": "meiji/video_000/clip_011/cam2", "condition": "observed", "count": 89}
{"calibrated": "meiji/video_000/clip_011/cam2", "condition": "evidence_gap", "count": 90}
{"calibrated": "chat_annotation/2Fa16bdg8pI__403208cbe9abb73c__f000000296-000000621", "condition": "observed", "count": 91}
{"calibrated": "chat_annotation/2Fa16bdg8pI__403208cbe9abb73c__f000000296-000000621", "condition": "evidence_gap", "count": 92}
{"calibrated": "chat_annotation/2Fa16bdg8pI__403208cbe9abb73c__f000001212-000001537", "condition": "observed", "count": 93}
{"calibrated": "chat_annotation/2Fa16bdg8pI__403208cbe9abb73c__f000001212-000001537", "condition": "evidence_gap", "count": 94}
{"calibrated": "chat_annotation/2Fa16bdg8pI__403208cbe9abb73c__f000002128-000002453", "condition": "observed", "count": 95}
{"calibrated": "chat_annotation/2Fa16bdg8pI__403208cbe9abb73c__f000002128-000002453", "condition": "evidence_gap", "count": 96}
{"calibrated": "chat_annotation/2Fa16bdg8pI__403208cbe9abb73c__f000003044-000003369", "condition": "observed", "count": 97}
{"calibrated": "chat_annotation/2Fa16bdg8pI__403208cbe9abb73c__f000003044-000003369", "condition": "evidence_gap", "count": 98}
{"calibrated": "chat_annotation/2Fa16bdg8pI__403208cbe9abb73c__f000003960-000004285", "condition": "observed", "count": 99}
{"calibrated": "chat_annotation/2Fa16bdg8pI__403208cbe9abb73c__f000003960-000004285", "condition": "evidence_gap", "count": 100}
{"calibrated": "chat_annotation/2oR5yi5qT0g__296dd3b150ebdb78__f000000423-000000748", "condition": "observed", "count": 101}
{"calibrated": "chat_annotation/2oR5yi5qT0g__296dd3b150ebdb78__f000000423-000000748", "condition": "evidence_gap", "count": 102}
{"calibrated": "chat_annotation/2oR5yi5qT0g__296dd3b150ebdb78__f000001592-000001917", "condition": "observed", "count": 103}
{"calibrated": "chat_annotation/2oR5yi5qT0g__296dd3b150ebdb78__f000001592-000001917", "condition": "evidence_gap", "count": 104}
{"calibrated": "chat_annotation/2oR5yi5qT0g__296dd3b150ebdb78__f000002761-000003086", "condition": "observed", "count": 105}
{"calibrated": "chat_annotation/2oR5yi5qT0g__296dd3b150ebdb78__f000002761-000003086", "condition": "evidence_gap", "count": 106}
{"calibrated": "chat_annotation/2oR5yi5qT0g__296dd3b150ebdb78__f000003930-000004255", "condition": "observed", "count": 107}
{"calibrated": "chat_annotation/2oR5yi5qT0g__296dd3b150ebdb78__f000003930-000004255", "condition": "evidence_gap", "count": 108}
{"calibrated": "chat_annotation/2oR5yi5qT0g__296dd3b150ebdb78__f000005099-000005424", "condition": "observed", "count": 109}
{"calibrated": "chat_annotation/2oR5yi5qT0g__296dd3b150ebdb78__f000005099-000005424", "condition": "evidence_gap", "count": 110}
{"calibrated": "chat_annotation/4v4ui5hGz5c__6c42c9382ed25ac9__f000001246-000001896", "condition": "observed", "count": 111}
{"calibrated": "chat_annotation/4v4ui5hGz5c__6c42c9382ed25ac9__f000001246-000001896", "condition": "evidence_gap", "count": 112}
{"calibrated": "chat_annotation/4v4ui5hGz5c__6c42c9382ed25ac9__f000004388-000005038", "condition": "observed", "count": 113}
{"calibrated": "chat_annotation/4v4ui5hGz5c__6c42c9382ed25ac9__f000004388-000005038", "condition": "evidence_gap", "count": 114}
{"calibrated": "chat_annotation/4v4ui5hGz5c__6c42c9382ed25ac9__f000007529-000008179", "condition": "observed", "count": 115}
{"calibrated": "chat_annotation/4v4ui5hGz5c__6c42c9382ed25ac9__f000007529-000008179", "condition": "evidence_gap", "count": 116}
{"calibrated": "chat_annotation/4v4ui5hGz5c__6c42c9382ed25ac9__f000010671-000011321", "condition": "observed", "count": 117}
{"calibrated": "chat_annotation/4v4ui5hGz5c__6c42c9382ed25ac9__f000010671-000011321", "condition": "evidence_gap", "count": 118}
{"calibrated": "chat_annotation/4v4ui5hGz5c__6c42c9382ed25ac9__f000013813-000014463", "condition": "observed", "count": 119}
{"calibrated": "chat_annotation/4v4ui5hGz5c__6c42c9382ed25ac9__f000013813-000014463", "condition": "evidence_gap", "count": 120}
{"calibrated": "chat_annotation/5J0aqAsLbCY__d13ca6db9749846d__f000000360-000000685", "condition": "observed", "count": 121}
{"calibrated": "chat_annotation/5J0aqAsLbCY__d13ca6db9749846d__f000000360-000000685", "condition": "evidence_gap", "count": 122}
{"calibrated": "chat_annotation/5J0aqAsLbCY__d13ca6db9749846d__f000001403-000001728", "condition": "observed", "count": 123}
{"calibrated": "chat_annotation/5J0aqAsLbCY__d13ca6db9749846d__f000001403-000001728", "condition": "evidence_gap", "count": 124}
{"calibrated": "chat_annotation/5J0aqAsLbCY__d13ca6db9749846d__f000002446-000002771", "condition": "observed", "count": 125}
{"calibrated": "chat_annotation/5J0aqAsLbCY__d13ca6db9749846d__f000002446-000002771", "condition": "evidence_gap", "count": 126}
{"calibrated": "chat_annotation/5J0aqAsLbCY__d13ca6db9749846d__f000003490-000003815", "condition": "observed", "count": 127}
{"calibrated": "chat_annotation/5J0aqAsLbCY__d13ca6db9749846d__f000003490-000003815", "condition": "evidence_gap", "count": 128}
{"calibrated": "chat_annotation/5J0aqAsLbCY__d13ca6db9749846d__f000004533-000004858", "condition": "observed", "count": 129}
{"calibrated": "chat_annotation/5J0aqAsLbCY__d13ca6db9749846d__f000004533-000004858", "condition": "evidence_gap", "count": 130}
{"calibrated": "chat_annotation/qGRakQq4Cvw__0efff489a7942937__f000000971-000001360", "condition": "observed", "count": 131}
{"calibrated": "chat_annotation/qGRakQq4Cvw__0efff489a7942937__f000000971-000001360", "condition": "evidence_gap", "count": 132}
{"calibrated": "chat_annotation/qGRakQq4Cvw__0efff489a7942937__f000003300-000003689", "condition": "observed", "count": 133}
{"calibrated": "chat_annotation/qGRakQq4Cvw__0efff489a7942937__f000003300-000003689", "condition": "evidence_gap", "count": 134}
{"calibrated": "chat_annotation/qGRakQq4Cvw__0efff489a7942937__f000005630-000006019", "condition": "observed", "count": 135}
{"calibrated": "chat_annotation/qGRakQq4Cvw__0efff489a7942937__f000005630-000006019", "condition": "evidence_gap", "count": 136}
{"calibrated": "chat_annotation/qGRakQq4Cvw__0efff489a7942937__f000007960-000008349", "condition": "observed", "count": 137}
{"calibrated": "chat_annotation/qGRakQq4Cvw__0efff489a7942937__f000007960-000008349", "condition": "evidence_gap", "count": 138}
{"calibrated": "chat_annotation/qGRakQq4Cvw__0efff489a7942937__f000010290-000010679", "condition": "observed", "count": 139}
{"calibrated": "chat_annotation/qGRakQq4Cvw__0efff489a7942937__f000010290-000010679", "condition": "evidence_gap", "count": 140}
