nominal {'original': (0, 0.0), 'joint_unfiltered': (0, 0.0625), 'joint_filtered': (0, 0.0425)}
missing_0.00 {'original': (0, 0.0), 'joint_unfiltered': (0, 0.075), 'joint_filtered': (0, 0.0275)}
missing_0.30 {'original': (0, 0.0), 'joint_unfiltered': (0, 0.0775), 'joint_filtered': (0, 0.06)}
missing_0.50 {'original': (0, 0.025), 'joint_unfiltered': (0, 0.0975), 'joint_filtered': (0, 0.1325)}
missing_0.70 {'original': (0, 0.23), 'joint_unfiltered': (0, 0.295), 'joint_filtered': (0, 0.4375)}
missing_0.85 {'original': (0, 0.97), 'joint_unfiltered': (0, 0.9825), 'joint_filtered': (0, 1.0)}
false_0.05 {'original': (0, 0.045), 'joint_unfiltered': (0, 0.245), 'joint_filtered': (0, 0.14)}
false_0.10 {'original': (0, 0.065), 'joint_unfiltered': (0, 0.31), 'joint_filtered': (0, 0.165)}
false_0.20 {'original': (0, 0.135), 'joint_unfiltered': (0, 0.64), 'joint_filtered': (0, 0.37)}
false_0.30 {'original': (0, 0.39), 'joint_unfiltered': (0, 0.8675), 'joint_filtered': (1, 0.6525)}
false_0.50 {'original': (0, 0.8625), 'joint_unfiltered': (0, 0.99), 'joint_filtered': (0, 0.9575)}
false_shared_0.10 {'original': (0, 0.0025), 'joint_unfiltered': (0, 0.0875), 'joint_filtered': (0, 0.0475)}
false_shared_0.30 {'original': (0, 0.03), 'joint_unfiltered': (0, 0.1725), 'joint_filtered': (1, 0.1075)}
sync_1f {'original': (0, 0.0075), 'joint_unfiltered': (0, 0.0975), 'joint_filtered': (0, 0.0525)}
sync_2f {'original': (0, 0.0375), 'joint_unfiltered': (0, 0.2875), 'joint_filtered': (0, 0.1275)}
sync_4f {'original': (0, 0.4025), 'joint_unfiltered': (0, 0.8275), 'joint_filtered': (0, 0.5875)}
sync_8f {'original': (0, 0.93), 'joint_unfiltered': (0, 0.975), 'joint_filtered': (0, 0.95)}
pixel_sigma_0px {'original': (0, 0.0), 'joint_unfiltered': (0, 0.065), 'joint_filtered': (0, 0.045)}
pixel_sigma_5px {'original': (0, 0.0), 'joint_unfiltered': (0, 0.05), 'joint_filtered': (0, 0.0225)}
pixel_sigma_10px {'original': (0, 0.0), 'joint_unfiltered': (0, 0.105), 'joint_filtered': (0, 0.04)}
calibration_x0 {'original': (0, 0.0), 'joint_unfiltered': (0, 0.0475), 'joint_filtered': (0, 0.0175)}
calibration_x2 {'original': (0, 0.075), 'joint_unfiltered': (0, 0.2675), 'joint_filtered': (0, 0.1575)}
calibration_x4 {'original': (0, 0.545), 'joint_unfiltered': (0, 0.74), 'joint_filtered': (0, 0.62)}
window_30f {'original': (0, 0.2475), 'joint_unfiltered': (0, 0.445), 'joint_filtered': (0, 0.53)}
window_60f {'original': (0, 0.055), 'joint_unfiltered': (0, 0.235), 'joint_filtered': (0, 0.2175)}
window_150f {'original': (0, 0.0025), 'joint_unfiltered': (0, 0.1025), 'joint_filtered': (0, 0.0375)}
cameras_4 {'original': (0, 0.0), 'joint_unfiltered': (0, 0.165), 'joint_filtered': (0, 0.075)}
combined {'original': (0, 0.145), 'joint_unfiltered': (0, 0.585), 'joint_filtered': (0, 0.34)}
