evaluated old_old/video_000/clip_000: IDF1 1.000000
evaluated old_old/video_000/clip_007: IDF1 0.927021
evaluated old_old/video_001/clip_001: IDF1 0.842683
evaluated old_old/video_002/clip_013: IDF1 0.994647
evaluated new_old/video_000/clip_000: IDF1 1.000000
evaluated new_old/video_000/clip_007: IDF1 0.750987
evaluated new_old/video_001/clip_001: IDF1 0.842683
evaluated new_old/video_002/clip_013: IDF1 0.994647
evaluated botsort_pose__clipreid_vitb16_market1501/video_000/clip_000: IDF1 0.890396
evaluated botsort_pose__clipreid_vitb16_market1501/video_000/clip_007: IDF1 0.759401
evaluated botsort_pose__clipreid_vitb16_market1501/video_001/clip_001: IDF1 0.810133
evaluated botsort_pose__clipreid_vitb16_market1501/video_002/clip_013: IDF1 0.884227
evaluated botsort_pose__solider_swin_base_msmt17/video_000/clip_000: IDF1 0.890396
evaluated botsort_pose__solider_swin_base_msmt17/video_000/clip_007: IDF1 0.774499
evaluated botsort_pose__solider_swin_base_msmt17/video_001/clip_001: IDF1 0.819366
evaluated botsort_pose__solider_swin_base_msmt17/video_002/clip_013: IDF1 0.884227
evaluated deep_ocsort_pose__clipreid_vitb16_market1501/video_000/clip_000: IDF1 0.863648
evaluated deep_ocsort_pose__clipreid_vitb16_market1501/video_000/clip_007: IDF1 0.873963
evaluated deep_ocsort_pose__clipreid_vitb16_market1501/video_001/clip_001: IDF1 0.932479
evaluated deep_ocsort_pose__clipreid_vitb16_market1501/video_002/clip_013: IDF1 0.896246
evaluated deep_ocsort_pose__solider_swin_base_msmt17/video_000/clip_000: IDF1 0.863648
evaluated deep_ocsort_pose__solider_swin_base_msmt17/video_000/clip_007: IDF1 0.875017
evaluated deep_ocsort_pose__solider_swin_base_msmt17/video_001/clip_001: IDF1 0.862668
evaluated deep_ocsort_pose__solider_swin_base_msmt17/video_002/clip_013: IDF1 0.897468
