old_old video_000/clip_000/cam0: ok, 3 IDs
new_old video_000/clip_000/cam0: ok, 10 IDs
botsort_pose__clipreid_vitb16_market1501 video_000/clip_000/cam0: ok, 9 IDs
botsort_pose__solider_swin_base_msmt17 video_000/clip_000/cam0: ok, 9 IDs
deep_ocsort_pose__clipreid_vitb16_market1501 video_000/clip_000/cam0: ok, 12 IDs
deep_ocsort_pose__solider_swin_base_msmt17 video_000/clip_000/cam0: ok, 12 IDs
old_old video_000/clip_000/cam1: ok, 2 IDs
new_old video_000/clip_000/cam1: ok, 5 IDs
botsort_pose__clipreid_vitb16_market1501 video_000/clip_000/cam1: ok, 6 IDs
botsort_pose__solider_swin_base_msmt17 video_000/clip_000/cam1: ok, 6 IDs
deep_ocsort_pose__clipreid_vitb16_market1501 video_000/clip_000/cam1: ok, 7 IDs
deep_ocsort_pose__solider_swin_base_msmt17 video_000/clip_000/cam1: ok, 8 IDs
old_old video_000/clip_000/cam2: ok, 3 IDs
new_old video_000/clip_000/cam2: ok, 6 IDs
botsort_pose__clipreid_vitb16_market1501 video_000/clip_000/cam2: ok, 12 IDs
botsort_pose__solider_swin_base_msmt17 video_000/clip_000/cam2: ok, 12 IDs
deep_ocsort_pose__clipreid_vitb16_market1501 video_000/clip_000/cam2: ok, 9 IDs
deep_ocsort_pose__solider_swin_base_msmt17 video_000/clip_000/cam2: ok, 9 IDs
old_old video_000/clip_007/cam0: ok, 5 IDs
new_old video_000/clip_007/cam0: failed, 0 IDs
botsort_pose__clipreid_vitb16_market1501 video_000/clip_007/cam0: ok, 12 IDs
botsort_pose__solider_swin_base_msmt17 video_000/clip_007/cam0: ok, 12 IDs
deep_ocsort_pose__clipreid_vitb16_market1501 video_000/clip_007/cam0: ok, 14 IDs
deep_ocsort_pose__solider_swin_base_msmt17 video_000/clip_007/cam0: ok, 14 IDs
old_old video_000/clip_007/cam1: ok, 4 IDs
new_old video_000/clip_007/cam1: ok, 4 IDs
botsort_pose__clipreid_vitb16_market1501 video_000/clip_007/cam1: ok, 10 IDs
botsort_pose__solider_swin_base_msmt17 video_000/clip_007/cam1: ok, 10 IDs
deep_ocsort_pose__clipreid_vitb16_market1501 video_000/clip_007/cam1: ok, 6 IDs
deep_ocsort_pose__solider_swin_base_msmt17 video_000/clip_007/cam1: ok, 6 IDs
old_old video_000/clip_007/cam2: ok, 8 IDs
new_old video_000/clip_007/cam2: ok, 10 IDs
botsort_pose__clipreid_vitb16_market1501 video_000/clip_007/cam2: ok, 14 IDs
botsort_pose__solider_swin_base_msmt17 video_000/clip_007/cam2: ok, 14 IDs
deep_ocsort_pose__clipreid_vitb16_market1501 video_000/clip_007/cam2: ok, 13 IDs
deep_ocsort_pose__solider_swin_base_msmt17 video_000/clip_007/cam2: ok, 13 IDs
old_old video_001/clip_001/cam0: ok, 8 IDs
new_old video_001/clip_001/cam0: ok, 17 IDs
botsort_pose__clipreid_vitb16_market1501 video_001/clip_001/cam0: ok, 21 IDs
botsort_pose__solider_swin_base_msmt17 video_001/clip_001/cam0: ok, 21 IDs
deep_ocsort_pose__clipreid_vitb16_market1501 video_001/clip_001/cam0: ok, 26 IDs
deep_ocsort_pose__solider_swin_base_msmt17 video_001/clip_001/cam0: ok, 24 IDs
old_old video_001/clip_001/cam1: ok, 3 IDs
new_old video_001/clip_001/cam1: ok, 5 IDs
botsort_pose__clipreid_vitb16_market1501 video_001/clip_001/cam1: ok, 11 IDs
botsort_pose__solider_swin_base_msmt17 video_001/clip_001/cam1: ok, 11 IDs
deep_ocsort_pose__clipreid_vitb16_market1501 video_001/clip_001/cam1: ok, 8 IDs
deep_ocsort_pose__solider_swin_base_msmt17 video_001/clip_001/cam1: ok, 8 IDs
old_old video_001/clip_001/cam2: ok, 10 IDs
new_old video_001/clip_001/cam2: ok, 20 IDs
botsort_pose__clipreid_vitb16_market1501 video_001/clip_001/cam2: ok, 29 IDs
botsort_pose__solider_swin_base_msmt17 video_001/clip_001/cam2: ok, 29 IDs
deep_ocsort_pose__clipreid_vitb16_market1501 video_001/clip_001/cam2: ok, 23 IDs
deep_ocsort_pose__solider_swin_base_msmt17 video_001/clip_001/cam2: ok, 23 IDs
old_old video_002/clip_013/cam0: ok, 2 IDs
new_old video_002/clip_013/cam0: ok, 8 IDs
botsort_pose__clipreid_vitb16_market1501 video_002/clip_013/cam0: ok, 9 IDs
botsort_pose__solider_swin_base_msmt17 video_002/clip_013/cam0: ok, 9 IDs
deep_ocsort_pose__clipreid_vitb16_market1501 video_002/clip_013/cam0: ok, 8 IDs
deep_ocsort_pose__solider_swin_base_msmt17 video_002/clip_013/cam0: ok, 8 IDs
old_old video_002/clip_013/cam1: ok, 5 IDs
new_old video_002/clip_013/cam1: ok, 5 IDs
botsort_pose__clipreid_vitb16_market1501 video_002/clip_013/cam1: ok, 7 IDs
botsort_pose__solider_swin_base_msmt17 video_002/clip_013/cam1: ok, 7 IDs
deep_ocsort_pose__clipreid_vitb16_market1501 video_002/clip_013/cam1: ok, 5 IDs
deep_ocsort_pose__solider_swin_base_msmt17 video_002/clip_013/cam1: ok, 5 IDs
old_old video_002/clip_013/cam2: ok, 5 IDs
new_old video_002/clip_013/cam2: ok, 5 IDs
botsort_pose__clipreid_vitb16_market1501 video_002/clip_013/cam2: ok, 8 IDs
botsort_pose__solider_swin_base_msmt17 video_002/clip_013/cam2: ok, 8 IDs
deep_ocsort_pose__clipreid_vitb16_market1501 video_002/clip_013/cam2: ok, 5 IDs
deep_ocsort_pose__solider_swin_base_msmt17 video_002/clip_013/cam2: ok, 5 IDs
