Seed set to 42
[torch.compile] enabled targets=[model] backend=inductor mode=default fullgraph=False dynamic=False
W1010 14:19:49.324000 23369 .venv/lib/python3.11/site-packages/torch/_dynamo/variables/tensor.py:1841] [0/0] Graph break from `Tensor.item()`, consider setting:
W1010 14:19:49.324000 23369 .venv/lib/python3.11/site-packages/torch/_dynamo/variables/tensor.py:1841] [0/0]     torch._dynamo.config.capture_scalar_outputs = True
W1010 14:19:49.324000 23369 .venv/lib/python3.11/site-packages/torch/_dynamo/variables/tensor.py:1841] [0/0] or:
W1010 14:19:49.324000 23369 .venv/lib/python3.11/site-packages/torch/_dynamo/variables/tensor.py:1841] [0/0]     env TORCHDYNAMO_CAPTURE_SCALAR_OUTPUTS=1
W1010 14:19:49.324000 23369 .venv/lib/python3.11/site-packages/torch/_dynamo/variables/tensor.py:1841] [0/0] to include these operations in the captured graph.
W1010 14:19:49.324000 23369 .venv/lib/python3.11/site-packages/torch/_dynamo/variables/tensor.py:1841] [0/0] 
W1010 14:19:49.324000 23369 .venv/lib/python3.11/site-packages/torch/_dynamo/variables/tensor.py:1841] [0/0] Graph break: from user code at:
W1010 14:19:49.324000 23369 .venv/lib/python3.11/site-packages/torch/_dynamo/variables/tensor.py:1841] [0/0]   File "/content/tennis-lab/src/tasks/court_detection/models/dinov3_dpt.py", line 1070, in forward
W1010 14:19:49.324000 23369 .venv/lib/python3.11/site-packages/torch/_dynamo/variables/tensor.py:1841] [0/0]     output, transformed = self._decode_with_transformer(
W1010 14:19:49.324000 23369 .venv/lib/python3.11/site-packages/torch/_dynamo/variables/tensor.py:1841] [0/0]                           ^^^^^^^^^^^^^^^^^^^^^^^^^^^^^^
W1010 14:19:49.324000 23369 .venv/lib/python3.11/site-packages/torch/_dynamo/variables/tensor.py:1841] [0/0]   File "/content/tennis-lab/src/tasks/court_detection/models/dinov3_dpt.py", line 1133, in _decode_with_transformer
W1010 14:19:49.324000 23369 .venv/lib/python3.11/site-packages/torch/_dynamo/variables/tensor.py:1841] [0/0]     transformed = self.transformer_encoder(
W1010 14:19:49.324000 23369 .venv/lib/python3.11/site-packages/torch/_dynamo/variables/tensor.py:1841] [0/0]                   ^^^^^^^^^^^^^^^^^^^^^^^^^
W1010 14:19:49.324000 23369 .venv/lib/python3.11/site-packages/torch/_dynamo/variables/tensor.py:1841] [0/0]   File "/content/tennis-lab/src/tasks/court_detection/models/dinov3_dpt.py", line 823, in forward
W1010 14:19:49.324000 23369 .venv/lib/python3.11/site-packages/torch/_dynamo/variables/tensor.py:1841] [0/0]     valid_grid = self._validate_patch_valid_mask(
W1010 14:19:49.324000 23369 .venv/lib/python3.11/site-packages/torch/_dynamo/variables/tensor.py:1841] [0/0]                  ^^^^^^^^^^^^^^^^^^^^^^^^^^^^^^^^
W1010 14:19:49.324000 23369 .venv/lib/python3.11/site-packages/torch/_dynamo/variables/tensor.py:1841] [0/0]   File "/content/tennis-lab/src/tasks/court_detection/models/dinov3_dpt.py", line 808, in _validate_patch_valid_mask
W1010 14:19:49.324000 23369 .venv/lib/python3.11/site-packages/torch/_dynamo/variables/tensor.py:1841] [0/0]     if bool(torch.any(~patch_valid_mask.flatten(1).any(dim=1))):
W1010 14:19:49.324000 23369 .venv/lib/python3.11/site-packages/torch/_dynamo/variables/tensor.py:1841] [0/0]        ^^^^^^^^^^^^^^^^^^^^^^^^^^^^^^^^^^^^^^^^^^^^^^^^^^^^^^^^^
W1010 14:19:49.324000 23369 .venv/lib/python3.11/site-packages/torch/_dynamo/variables/tensor.py:1841] [0/0] 
W1010 14:19:49.324000 23369 .venv/lib/python3.11/site-packages/torch/_dynamo/variables/tensor.py:1841] [0/0] 
/content/tennis-lab/.venv/lib/python3.11/site-packages/torch/_inductor/lowering.py:2774: UserWarning: Torchinductor does not support code generation for complex operators. Performance may be worse than eager.
  warnings.warn(
W1010 14:20:01.387000 23369 .venv/lib/python3.11/site-packages/torch/_inductor/utils.py:1806] [5/0] Not enough SMs to use max_autotune_gemm mode
{"step": 0, "sample_ids": ["B02:court-sample-001497", "iIUvjPPo1eU_2700", "B0nA9HZoaSE_100", "B02:court-sample-002189", "3qrv8caSRqE_4050", "B02:court-sample-001593", "B03:court-sample-000281", "prElOW5cq9w_1550"], "image_shape": [8, 3, 288, 512], "content_size_hw": [[288, 512], [288, 512], [288, 512], [288, 512], [288, 512], [288, 512], [288, 512], [288, 512]], "pose_supervised_count": 4, "pose_intrinsics": [[[179.25312978168574, 0.0, 255.73305526590198], [0.0, 179.25312978168574, 143.6162669447341], [0.0, 0.0, 1.0]], [[245.06668601723086, 0.0, 255.73305526590198], [0.0, 245.06668601723086, 143.6162669447341], [0.0, 0.0, 1.0]], [[245.06668601723086, 0.0, 255.73305526590198], [0.0, 245.06668601723086, 143.6162669447341], [0.0, 0.0, 1.0]], [[245.06668601723086, 0.0, 255.73305526590198], [0.0, 245.06668601723086, 143.6162669447341], [0.0, 0.0, 1.0]]], "data_wait_seconds": 3.037819572999979, "compute_seconds": 125.18997933900027, "loss": 81.75294494628906, "gradient_norm": 378.43145751953125, "peak_allocated_bytes": 9074955264, "peak_reserved_bytes": 9789505536}
{"step": 1, "sample_ids": ["kvCUYJtGZjc_1500", "B03:court-sample-000424", "B01:court-sample-001014", "NeHvxtGxj7s_200", "wBxPeCg_o6Y_100", "g7BL0DU36Sg_1700", "B00:court-sample-001651", "B00:court-sample-000103"], "image_shape": [8, 3, 288, 512], "content_size_hw": [[288, 512], [288, 512], [288, 512], [288, 512], [288, 512], [288, 512], [288, 512], [288, 512]], "pose_supervised_count": 4, "pose_intrinsics": [[[245.06668601723086, 0.0, 255.73305526590198], [0.0, 245.06668601723086, 143.6162669447341], [0.0, 0.0, 1.0]], [[256.00000000000006, 0.0, 255.73305526590198], [0.0, 256.00000000000006, 143.6162669447341], [0.0, 0.0, 1.0]], [[333.6256954473487, 0.0, 255.73305526590198], [0.0, 333.6256954473487, 143.6162669447341], [0.0, 0.0, 1.0]], [[179.25312978168574, 0.0, 255.73305526590198], [0.0, 179.25312978168574, 143.6162669447341], [0.0, 0.0, 1.0]]], "data_wait_seconds": 0.015215987000374298, "compute_seconds": 0.590508864000185, "loss": 50.288848876953125, "gradient_norm": 231.06716918945312, "peak_allocated_bytes": 10177981952, "peak_reserved_bytes": 10863247360}
{"step": 2, "sample_ids": ["ZtlEGsl9Odo_750", "B01:court-sample-001093", "2X6W0XXwpjU_1250", "kWbQS_QAoW4_1300", "B02:court-sample-000281", "NDuyShHlVTI_850", "B03:court-sample-001813", "B02:court-sample-002050"], "image_shape": [8, 3, 288, 512], "content_size_hw": [[288, 512], [288, 512], [288, 512], [288, 512], [288, 512], [288, 512], [288, 512], [288, 512]], "pose_supervised_count": 4, "pose_intrinsics": [[[256.00000000000006, 0.0, 255.73305526590198], [0.0, 256.00000000000006, 143.6162669447341], [0.0, 0.0, 1.0]], [[245.06668601723086, 0.0, 255.73305526590198], [0.0, 245.06668601723086, 143.6162669447341], [0.0, 0.0, 1.0]], [[179.25312978168574, 0.0, 255.73305526590198], [0.0, 179.25312978168574, 143.6162669447341], [0.0, 0.0, 1.0]], [[333.6256954473487, 0.0, 255.73305526590198], [0.0, 333.6256954473487, 143.6162669447341], [0.0, 0.0, 1.0]]], "data_wait_seconds": 0.015140231000259519, "compute_seconds": 0.5902339909998773, "loss": 34.45365905761719, "gradient_norm": 196.4123077392578, "peak_allocated_bytes": 10177981952, "peak_reserved_bytes": 10986979328}
