knowledge	Check that repro.sh files reference only reproducible scripts	﻿2026-10-01T01:37:05.5040293Z ##[group]Run .venv/bin/python .agents/skills/knowledge-control/scripts/kg_repro_paths.py
knowledge	Check that repro.sh files reference only reproducible scripts	2026-10-01T01:37:05.5040972Z [36;1m.venv/bin/python .agents/skills/knowledge-control/scripts/kg_repro_paths.py[0m
knowledge	Check that repro.sh files reference only reproducible scripts	2026-10-01T01:37:05.5106093Z shell: /usr/bin/bash -e {0}
knowledge	Check that repro.sh files reference only reproducible scripts	2026-10-01T01:37:05.5106406Z env:
knowledge	Check that repro.sh files reference only reproducible scripts	2026-10-01T01:37:05.5106744Z   pythonLocation: /opt/hostedtoolcache/Python/3.11.16/x64
knowledge	Check that repro.sh files reference only reproducible scripts	2026-10-01T01:37:05.5107319Z   PKG_CONFIG_PATH: /opt/hostedtoolcache/Python/3.11.16/x64/lib/pkgconfig
knowledge	Check that repro.sh files reference only reproducible scripts	2026-10-01T01:37:05.5107878Z   Python_ROOT_DIR: /opt/hostedtoolcache/Python/3.11.16/x64
knowledge	Check that repro.sh files reference only reproducible scripts	2026-10-01T01:37:05.5108372Z   Python2_ROOT_DIR: /opt/hostedtoolcache/Python/3.11.16/x64
knowledge	Check that repro.sh files reference only reproducible scripts	2026-10-01T01:37:05.5109154Z   Python3_ROOT_DIR: /opt/hostedtoolcache/Python/3.11.16/x64
knowledge	Check that repro.sh files reference only reproducible scripts	2026-10-01T01:37:05.5109691Z   LD_LIBRARY_PATH: /opt/hostedtoolcache/Python/3.11.16/x64/lib
knowledge	Check that repro.sh files reference only reproducible scripts	2026-10-01T01:37:05.5110118Z ##[endgroup]
knowledge	Check that repro.sh files reference only reproducible scripts	2026-10-01T01:37:07.5768772Z ERROR: run-i935-filtered-side-safety-r29-20261001: pythonpath $code_root (not tracked at HEAD (untracked or generated file))
knowledge	Check that repro.sh files reference only reproducible scripts	2026-10-01T01:37:07.5770835Z WARN: run-blcs-residual-v2-asinh-legacy-s42: module src.tasks.blcs.scripts.train_triangulation_residual (target commit 771649c98814914f4a9164cf4ca6df44aabc9041 is not in this repository)
knowledge	Check that repro.sh files reference only reproducible scripts	2026-10-01T01:37:07.5772942Z WARN: run-blcs-residual-v2-asinh-legacy-s42: module src.tasks.base.scripts.infer_triangulation_residual (target commit 771649c98814914f4a9164cf4ca6df44aabc9041 is not in this repository)
knowledge	Check that repro.sh files reference only reproducible scripts	2026-10-01T01:37:07.5774758Z WARN: run-i525-asym: module src.tasks.plcs.scripts.train (target commit 6d24b4dccad36a73bd56a526602757e16bac0275 is not in this repository)
knowledge	Check that repro.sh files reference only reproducible scripts	2026-10-01T01:37:07.5776229Z WARN: run-i525-parameff: module src.tasks.plcs.scripts.train (target commit caa677e3995f4bafadf5f354813b1944c83bef1c is not in this repository)
knowledge	Check that repro.sh files reference only reproducible scripts	2026-10-01T01:37:07.5777865Z WARN: run-i535-asym-deep16-rerun: module src.tasks.plcs.scripts.train (target commit 6d24b4dccad36a73bd56a526602757e16bac0275 is not in this repository)
knowledge	Check that repro.sh files reference only reproducible scripts	2026-10-01T01:37:07.5779670Z WARN: run-i535-asym-wide-rerun: module src.tasks.plcs.scripts.train (target commit 6d24b4dccad36a73bd56a526602757e16bac0275 is not in this repository)
knowledge	Check that repro.sh files reference only reproducible scripts	2026-10-01T01:37:07.5781227Z WARN: run-i539-deep16-chunked: module src.tasks.plcs.scripts.train (target commit d407e54cdb903d7082aa4011b2a6f8cb0426c7cc is not in this repository)
knowledge	Check that repro.sh files reference only reproducible scripts	2026-10-01T01:37:07.5782740Z WARN: run-i539-ex10-chunked: module src.tasks.plcs.scripts.train (target commit d407e54cdb903d7082aa4011b2a6f8cb0426c7cc is not in this repository)
knowledge	Check that repro.sh files reference only reproducible scripts	2026-10-01T01:37:07.5784259Z WARN: run-i539-wide-chunked: module src.tasks.plcs.scripts.train (target commit d407e54cdb903d7082aa4011b2a6f8cb0426c7cc is not in this repository)
knowledge	Check that repro.sh files reference only reproducible scripts	2026-10-01T01:37:07.5785881Z WARN: run-i618-convnext-v2-scratch: module src.tasks.ball_detection.scripts.train (target commit 640766639f3b16ae5048f31602e29a2f03b41cc5 is not in this repository)
knowledge	Check that repro.sh files reference only reproducible scripts	2026-10-01T01:37:07.5787886Z WARN: run-i801-a2-plcs-d-reference: module src.tasks.plcs.scripts.train (target commit 71426cb84519d4fa716ac9b221d90b00d26b4e63 is not in this repository)
knowledge	Check that repro.sh files reference only reproducible scripts	2026-10-01T01:37:07.5790215Z WARN: run-i801-a2-plcs-d-selector-zero: module src.tasks.plcs.scripts.train (target commit 71426cb84519d4fa716ac9b221d90b00d26b4e63 is not in this repository)
knowledge	Check that repro.sh files reference only reproducible scripts	2026-10-01T01:37:07.5792351Z WARN: run-i931-default-meiji-clip000-20260927: file tests/benchmarks/component_pipeline.py (target commit 4fdc4d42dd32486344ae5438f9e0517a05f173ec is not in this repository)
knowledge	Check that repro.sh files reference only reproducible scripts	2026-10-01T01:37:07.5794239Z WARN: run-mono3d-blcs-bcast-v2-yw4: module src.tasks.blcs.scripts.train (target commit 6479c948d6329a4ec6258c93585042c80386869c is not in this repository)
knowledge	Check that repro.sh files reference only reproducible scripts	2026-10-01T01:37:07.5795874Z WARN: run-mono3d-plcs-bcast: module src.tasks.plcs.scripts.train (target commit 4a416b2a07f67518448e669ba5e985668373cdf4 is not in this repository)
knowledge	Check that repro.sh files reference only reproducible scripts	2026-10-01T01:37:07.5798228Z WARN: run-plcs-residual-v2-asinh-legacy-s42: module src.tasks.plcs.scripts.train_triangulation_residual (target commit 771649c98814914f4a9164cf4ca6df44aabc9041 is not in this repository)
knowledge	Check that repro.sh files reference only reproducible scripts	2026-10-01T01:37:07.5800733Z WARN: run-plcs-residual-v2-asinh-legacy-s42: module src.tasks.base.scripts.infer_triangulation_residual (target commit 771649c98814914f4a9164cf4ca6df44aabc9041 is not in this repository)
knowledge	Check that repro.sh files reference only reproducible scripts	2026-10-01T01:37:07.5802315Z 
knowledge	Check that repro.sh files reference only reproducible scripts	2026-10-01T01:37:07.5802946Z 289 repro.sh, 353 script references — 1 missing, 17 unverifiable.
knowledge	Check that repro.sh files reference only reproducible scripts	2026-10-01T01:37:07.5905125Z ##[error]Process completed with exit code 1.
