nominal 0 0 0.0 0.035
missing_0.00 0 0 0.0 0.0225
missing_0.30 0 0 0.0 0.0425
missing_0.50 0 0 0.025 0.1425
missing_0.70 0 0 0.23 0.495
missing_0.85 0 0 0.97 1.0
false_0.05 0 0 0.045 0.0625
false_0.10 0 1 0.065 0.0975
false_0.20 0 1 0.135 0.2125
false_0.30 0 0 0.39 0.4825
false_0.50 0 0 0.8625 0.915
false_shared_0.10 0 0 0.0025 0.015
false_shared_0.30 0 0 0.03 0.07
sync_1f 0 0 0.0075 0.025
sync_2f 0 0 0.0375 0.1
sync_4f 0 0 0.4025 0.5
sync_8f 0 0 0.93 0.9125
pixel_sigma_0px 0 0 0.0 0.0225
pixel_sigma_5px 0 0 0.0 0.0225
pixel_sigma_10px 0 0 0.0 0.0375
calibration_x0 0 0 0.0 0.025
calibration_x2 0 0 0.075 0.135
calibration_x4 0 0 0.545 0.5475
window_30f 0 0 0.2475 0.5325
window_60f 0 0 0.055 0.235
window_150f 0 1 0.0025 0.035
cameras_4 0 0 0.0 0.045
combined 0 0 0.145 0.2075
